[36mvite v7.3.1 [32mbuilding client environment for production...[36m[39m
transforming...
[32mΓ£ô[39m 118 modules transformed.
rendering chunks...
computing gzip size...
[2mdist/[22m[32mindex.html                 [39m[1m[2m  0.75 kB[22m[1m[22m[2m Γöé gzip:  0.42 kB[22m
[2mdist/[22m[35massets/index-Cq3I1Tqb.css  [39m[1m[2m  7.26 kB[22m[1m[22m[2m Γöé gzip:  2.15 kB[22m
[2mdist/[22m[36massets/index-B56TsM68.js   [39m[1m[2m303.22 kB[22m[1m[22m[2m Γöé gzip: 95.81 kB[22m
[32mΓ£ô built in 3.77s[39m
